D:/STM32CubeIDE_1.13.2/F405-CSPv1.6/DEV/libcsp/include/csp/csp.h:67:20:csp_conf_get_defaults	16	static
../Core/Src/main.c:100:12:csp_can_tx_frame	56	static
../Core/Src/main.c:123:6:HAL_CAN_RxFifo0MsgPendingCallback	64	static,ignoring_inline_asm
../Core/Src/main.c:152:13:can_csp_init	8	static
../Core/Src/main.c:178:5:main	8	static
../Core/Src/main.c:283:6:SystemClock_Config	88	static
../Core/Src/main.c:330:13:MX_CAN1_Init	48	static
../Core/Src/main.c:378:13:MX_GPIO_Init	48	static
../Core/Src/main.c:423:6:StartDefaultTask	16	static
../Core/Src/main.c:441:6:CANReceive	32	static
../Core/Src/main.c:496:6:CANSend	48	static
../Core/Src/main.c:543:6:HAL_TIM_PeriodElapsedCallback	16	static
../Core/Src/main.c:560:6:Error_Handler	4	static,ignoring_inline_asm
